 minios

 Timestamp is 491bd8e3 (Thu Nov 13 15:36:03 2008)

 Preferred load address is 00400000

 Start         Length     Name                   Class
 0001:00000000 00002493H .text                   CODE
 0002:00000000 00000984H .data                   DATA
 0002:00000984 0000023cH .bss                    DATA

  Address         Publics by Value              Rva+Base     Lib:Object

 0001:00000000       _console_setcursor         00401000 f   console.obj
 0001:00000050       _console_init              00401050 f   console.obj
 0001:00000070       _console_open              00401070 f   console.obj
 0001:00000080       _console_newline           00401080 f   console.obj
 0001:000000f0       _console_write             004010f0 f   console.obj
 0001:000001c0       _console_ioctrl            004011c0 f   console.obj
 0001:000001d0       _console_tell              004011d0 f   console.obj
 0001:000001e0       _console_seek              004011e0 f   console.obj
 0001:00000200       _ide_readdma               00401200 f   ide.obj
 0001:000002c0       _pfIdeIsr                  004012c0 f   ide.obj
 0001:000002d0       _ide_init                  004012d0 f   ide.obj
 0001:00000360       _ide_open                  00401360 f   ide.obj
 0001:00000370       _ide_close                 00401370 f   ide.obj
 0001:00000380       _ide_write                 00401380 f   ide.obj
 0001:00000390       _ide_read                  00401390 f   ide.obj
 0001:000003a0       _ide_ioctrl                004013a0 f   ide.obj
 0001:000003b0       _ide_status                004013b0 f   ide.obj
 0001:000003c0       _keLoadDriver              004013c0 f   keDriverModel.obj
 0001:000003f0       _open                      004013f0 f   keDriverModel.obj
 0001:00000450       _close                     00401450 f   keDriverModel.obj
 0001:00000470       _read                      00401470 f   keDriverModel.obj
 0001:000004a0       _write                     004014a0 f   keDriverModel.obj
 0001:000004d0       _seek                      004014d0 f   keDriverModel.obj
 0001:000004f0       _tell                      004014f0 f   keDriverModel.obj
 0001:00000510       _ioctrl                    00401510 f   keDriverModel.obj
 0001:00000540       _status                    00401540 f   keDriverModel.obj
 0001:00000560       _htol                      00401560 f   keEntryMain.obj
 0001:000005c0       _dumpMemory                004015c0 f   keEntryMain.obj
 0001:00000650       _kdebug                    00401650 f   keEntryMain.obj
 0001:000007d0       _test1                     004017d0 f   keEntryMain.obj
 0001:000007f0       _keEntryMain               004017f0 f   keEntryMain.obj
 0001:00000890       _keHeapInit                00401890 f   keMemory.obj
 0001:000008c0       _keHeapAlloc               004018c0 f   keMemory.obj
 0001:00000940       _keHeapFree                00401940 f   keMemory.obj
 0001:00000a10       _keHeapDump                00401a10 f   keMemory.obj
 0001:00000a60       _keKernelHeapInit          00401a60 f   keMemory.obj
 0001:00000a80       _keMalloc                  00401a80 f   keMemory.obj
 0001:00000aa0       _keFree                    00401aa0 f   keMemory.obj
 0001:00000ac0       _keKernelHeapDump          00401ac0 f   keMemory.obj
 0001:00000ae0       _keTaskRemove              00401ae0 f   keSched.obj
 0001:00000b20       _keTaskEnqueue             00401b20 f   keSched.obj
 0001:00000b50       _keTaskDequeue             00401b50 f   keSched.obj
 0001:00000b70       _keActiveTask              00401b70 f   keSched.obj
 0001:00000ba0       _kePendTask                00401ba0 f   keSched.obj
 0001:00000bc0       _keNewTaskId               00401bc0 f   keSched.obj
 0001:00000c20       _keInitTaskSystem          00401c20 f   keSched.obj
 0001:00000c60       _keTaskEnd                 00401c60 f   keSched.obj
 0001:00000c90       _keNewTask                 00401c90 f   keSched.obj
 0001:00000d30       _keSchedNextTask           00401d30 f   keSched.obj
 0001:00000d80       _keKillTask                00401d80 f   keSched.obj
 0001:00000dd0       _keDoSched                 00401dd0 f   keSched.obj
 0001:00000e10       _keShowTasks               00401e10 f   keSched.obj
 0001:00000e70       _initsemaphore             00401e70 f   keSem.obj
 0001:00000e90       _wait                      00401e90 f   keSem.obj
 0001:00000ed0       _release                   00401ed0 f   keSem.obj
 0001:00000f10       _waitevent                 00401f10 f   keSem.obj
 0001:00000f40       _setevent                  00401f40 f   keSem.obj
 0001:00000f70       _keTimeJobSched            00401f70 f   keTimerIsr.obj
 0001:00000fd0       _keTimeJobRemove           00401fd0 f   keTimerIsr.obj
 0001:00001010       _keTimeJobInsert           00402010 f   keTimerIsr.obj
 0001:00001060       _keTimerIsr                00402060 f   keTimerIsr.obj
 0001:00001080       _keGetTickCount            00402080 f   keTimerIsr.obj
 0001:00001090       _keDelayDpc                00402090 f   keTimerIsr.obj
 0001:000010a0       _keDelay                   004020a0 f   keTimerIsr.obj
 0001:000010e0       _keDpcAppendItem           004020e0 f   keTimerIsr.obj
 0001:00001120       _keDpcJobInsert            00402120 f   keTimerIsr.obj
 0001:00001140       _keDpcProc                 00402140 f   keTimerIsr.obj
 0001:000011a0       _keyboardEnqueue           004021a0 f   keyboard.obj
 0001:000011e0       _keyboardDequeue           004021e0 f   keyboard.obj
 0001:00001230       _pfKeyboardIsr             00402230 f   keyboard.obj
 0001:00001280       _keyboardLED               00402280 f   keyboard.obj
 0001:000012c0       _keyboardGetChar           004022c0 f   keyboard.obj
 0001:00001430       _keyboard_init             00402430 f   keyboard.obj
 0001:00001460       _keyboard_open             00402460 f   keyboard.obj
 0001:00001470       _keyboard_read             00402470 f   keyboard.obj
 0001:000014a0       _pfDummyIsr                004024a0 f   main.obj
 0001:000014b0       _cpuInit                   004024b0 f   main.obj
 0001:00001630       _main@12                   00402630 f   main.obj
 0001:00001690       _pciReadConfig             00402690 f   pci.obj
 0001:000016e0       _pciWriteConfig            004026e0 f   pci.obj
 0001:00001730       _pciInit                   00402730 f   pci.obj
 0001:00001780       _number                    00402780 f   stdio.obj
 0001:00001920       _skip_atoi                 00402920 f   stdio.obj
 0001:00001950       _vsprintf                  00402950 f   stdio.obj
 0001:00001be0       _sprintf                   00402be0 f   stdio.obj
 0001:00001c00       _printf                    00402c00 f   stdio.obj
 0001:00001c40       _puts                      00402c40 f   stdio.obj
 0001:00001c70       _gets                      00402c70 f   stdio.obj
 0001:00001d30       _memchr                    00402d30 f   string.obj
 0001:00001d60       _memcmp                    00402d60 f   string.obj
 0001:00001db0       _memcpy                    00402db0 f   string.obj
 0001:00001e00       _memset                    00402e00 f   string.obj
 0001:00001e60       _memmove                   00402e60 f   string.obj
 0001:00001eb0       _strcpy                    00402eb0 f   string.obj
 0001:00001ee0       _strcmp                    00402ee0 f   string.obj
 0001:00001f20       _strcat                    00402f20 f   string.obj
 0001:00001f50       _strlen                    00402f50 f   string.obj
 0001:00001f70       _strchr                    00402f70 f   string.obj
 0001:00001f90       _strcspn                   00402f90 f   string.obj
 0001:00001fd0       _strncat                   00402fd0 f   string.obj
 0001:00002020       _strncmp                   00403020 f   string.obj
 0001:00002070       _strncpy                   00403070 f   string.obj
 0001:000020c0       _strpbrk                   004030c0 f   string.obj
 0001:00002110       _strspn                    00403110 f   string.obj
 0001:00002150       _strstr                    00403150 f   string.obj
 0001:000021c0       _strrchr                   004031c0 f   string.obj
 0001:000021e0       _strtok_r                  004031e0 f   string.obj
 0001:00002240       _strtok                    00403240 f   string.obj
 0001:00002260       __switch                   00403260 f   platform.obj
 0001:0000226f       __loadidtgdt               0040326f f   platform.obj
 0001:0000227e       __in                       0040327e f   platform.obj
 0001:00002284       __out                      00403284 f   platform.obj
 0001:0000228e       __in16                     0040328e f   platform.obj
 0001:00002295       __out16                    00403295 f   platform.obj
 0001:000022a0       __in32                     004032a0 f   platform.obj
 0001:000022a6       __out32                    004032a6 f   platform.obj
 0001:000022b0       _dummyIsr                  004032b0 f   platform.obj
 0002:00000000       _console_driver_object     00404000     console.obj
 0002:00000028       _console_device_object     00404028     console.obj
 0002:00000030       _stdout                    00404030     console.obj
 0002:00000034       _console_attrib            00404034     console.obj
 0002:00000038       _console_base              00404038     console.obj
 0002:00000048       _ide_driver_object         00404048     ide.obj
 0002:00000070       _idedmabuf                 00404070     ide.obj
 0002:00000390       _keyboard_driver_object    00404390     keyboard.obj
 0002:000003b8       _keyboard_device_object    004043b8     keyboard.obj
 0002:000003c0       _stdin                     004043c0     keyboard.obj
 0002:000003c4       _num_lock                  004043c4     keyboard.obj
 0002:000003c8       _hdcodetoascii1            004043c8     keyboard.obj
 0002:00000428       _hdcodetoascii2            00404428     keyboard.obj
 0002:000004a0       _classcode                 004044a0     pci.obj
 0002:000006c0       __ISREXP                   004046c0     platform.obj
 0002:00000720       __ISRINT                   00404720     platform.obj
 0002:00000760       _GDT_DATA                  00404760     platform.obj
 0002:0000077e       _IDT_DATA                  0040477e     platform.obj
 0002:00000984       _console_cursor            00404984     console.obj
 0002:00000988       _MASTER_IDE_CTRL           00404988     ide.obj
 0002:0000098a       _SLAVER_IDE_CTRL           0040498a     ide.obj
 0002:0000098c       _loadeddrivernum           0040498c     keDriverModel.obj
 0002:00000990       _keheap                    00404990     keMemory.obj
 0002:00000994       _dpchead                   00404994     keTimerIsr.obj
 0002:00000998       _keTimerTick               00404998     keTimerIsr.obj
 0002:0000099c       _timehead                  0040499c     keTimerIsr.obj
 0002:000009a4       _keyboardHead              004049a4     keyboard.obj
 0002:000009a5       _keyboardTail              004049a5     keyboard.obj
 0002:000009a6       _shift_pressed             004049a6     keyboard.obj
 0002:000009a7       _alt_pressed               004049a7     keyboard.obj
 0002:000009a8       _ctrl_pressed              004049a8     keyboard.obj
 0002:000009a9       _caps_lock                 004049a9     keyboard.obj
 0002:000009aa       _scroll_lock               004049aa     keyboard.obj
 0002:000009ac       __ISRVECT                  004049ac     main.obj
 0002:000009b8       _keyboardevent             004049b8     <common>
 0002:000009c0       _keyboardQueue             004049c0     <common>
 0002:00000ac0       _dpcevent                  00404ac0     <common>
 0002:00000ae0       _activequeue               00404ae0     <common>
 0002:00000b20       _tasks                     00404b20     <common>
 0002:00000b24       _currentTaskId             00404b24     <common>
 0002:00000b28       _lasttaskid                00404b28     <common>
 0002:00000b30       _s                         00404b30     <common>
 0002:00000b40       _loadeddriver              00404b40     <common>

 entry point at        0000:00000000

 Static symbols

 0001:000022b1       IsrExp0                    004032b1 f   platform.obj
 0001:000022bb       IsrExp1                    004032bb f   platform.obj
 0001:000022c5       IsrExp2                    004032c5 f   platform.obj
 0001:000022cf       IsrExp3                    004032cf f   platform.obj
 0001:000022d9       IsrExp4                    004032d9 f   platform.obj
 0001:000022e3       IsrExp5                    004032e3 f   platform.obj
 0001:000022ed       IsrExp6                    004032ed f   platform.obj
 0001:000022f7       IsrExp7                    004032f7 f   platform.obj
 0001:00002301       IsrExp8                    00403301 f   platform.obj
 0001:0000230e       IsrExp9                    0040330e f   platform.obj
 0001:00002318       IsrExp10                   00403318 f   platform.obj
 0001:00002325       IsrExp11                   00403325 f   platform.obj
 0001:00002332       IsrExp12                   00403332 f   platform.obj
 0001:0000233f       IsrExp13                   0040333f f   platform.obj
 0001:0000234c       IsrExp14                   0040334c f   platform.obj
 0001:00002359       IsrExp15                   00403359 f   platform.obj
 0001:00002363       IsrExp16                   00403363 f   platform.obj
 0001:0000236d       IsrSoft17                  0040336d f   platform.obj
 0001:00002377       IsrSoft18                  00403377 f   platform.obj
 0001:00002381       IsrSoft19                  00403381 f   platform.obj
 0001:0000238b       IsrSoft20                  0040338b f   platform.obj
 0001:00002395       IsrSoft21                  00403395 f   platform.obj
 0001:0000239f       IsrSoft22                  0040339f f   platform.obj
 0001:000023a9       IsrSoft23                  004033a9 f   platform.obj
 0001:000023b3       IsrInt0                    004033b3 f   platform.obj
 0001:000023c1       IsrInt1                    004033c1 f   platform.obj
 0001:000023cf       IsrInt2                    004033cf f   platform.obj
 0001:000023dd       IsrInt3                    004033dd f   platform.obj
 0001:000023eb       IsrInt4                    004033eb f   platform.obj
 0001:000023f9       IsrInt5                    004033f9 f   platform.obj
 0001:00002407       IsrInt6                    00403407 f   platform.obj
 0001:00002415       IsrInt7                    00403415 f   platform.obj
 0001:00002423       IsrInt8                    00403423 f   platform.obj
 0001:00002431       IsrInt9                    00403431 f   platform.obj
 0001:0000243f       IsrInt10                   0040343f f   platform.obj
 0001:0000244d       IsrInt11                   0040344d f   platform.obj
 0001:0000245b       IsrInt12                   0040345b f   platform.obj
 0001:00002469       IsrInt13                   00403469 f   platform.obj
 0001:00002477       IsrInt14                   00403477 f   platform.obj
 0001:00002485       IsrInt15                   00403485 f   platform.obj
